
===== configuration_25pct =====

===== preflight =====
{'run': True, 'available_ram_gb': 5.92, 'train_percent': 25, 'validation_percent': 5, 'windows_hours': (1, 6, 24), 'rebuild_feature_blocks': False, 'test_processed_read': False}

===== load_targets_and_history =====
{'base_counts': {'train': 2457169, 'validation': 591391}, 'sample_counts': {'train': 613884, 'validation': 29315}, 'history_files': ['Flights_20211201_20211231.csv.gz', 'Flights_20220301_20220331.csv.gz', 'Flights_20220601_20220630.csv.gz', 'Flights_20220901_20220930.csv.gz', 'Flights_20221201_20221231.csv.gz'], 'event_rows': 3048560, 'registration_stats': {'distinct_known': 11517, 'known_rate': 0.9998464848977878}, 'target_registration_rate': 0.99986, 'test_processed_read': False}

===== build_25pct_feature_blocks =====
{'block': 'adep_dep', 'reused': True, 'rows': 643199}
{'block': 'ades_arr', 'reused': True, 'rows': 643199}
{'block': 'route_arr', 'reused': True, 'rows': 643199}
{'block': 'operator_dep', 'reused': True, 'rows': 643199}
{'block': 'operator_arr', 'reused': True, 'rows': 643199}
          block  ...                                        resume_note
0      adep_dep  ...  Reused after prior leakage assertions and succ...
1      ades_arr  ...  Reused after prior leakage assertions and succ...
2     route_arr  ...  Reused after prior leakage assertions and succ...
3  operator_dep  ...  Reused after prior leakage assertions and succ...
4  operator_arr  ...  Reused after prior leakage assertions and succ...
5      rotation  ...                                                NaN

[6 rows x 6 columns]

===== persist_25pct_enriched_data =====
{'train_rows': 613884, 'validation_rows': 29315, 'feature_columns': 87, 'output': 'C:\\Users\\celti\\OneDrive - Universidade de Santiago de Compostela\\Verano\\ML_flights_project\\data\\processed\\model\\arrival_pre_t60_ops_25pct', 'test_processed_read': False}

===== fit_and_validate_ridge_25pct =====
{'frozen_from_10pct': True, 'ridge_only_low_memory': True, 'selected_features': 'all_without_6h', 'selected_numeric_features': 51, 'ridge_alpha': 10.0, 'train_rows': 613884, 'validation_rows': 29315}
                 model  ... p90_absolute_error
0  ridge_t60_ops_25pct  ...          20.068150
4  ridge_t60_ops_25pct  ...          35.416630
5       baseline_25pct  ...          20.888333
9       baseline_25pct  ...          39.865833

[4 rows x 8 columns]
{'comparison': 'ridge_25pct_vs_ridge_10pct', 'combined_MAE_improvement_minutes': 0.026983897785477495, 'global_MAE_change_minutes': -0.0487182858802786, 'required_combined_improvement_minutes': 0.2, 'maximum_global_degradation_minutes': 0.25, 'scale_beyond_25pct': False, 'test_processed_read': False}
Saved C:\Users\celti\OneDrive - Universidade de Santiago de Compostela\Verano\ML_flights_project\reports\09_t60_25pct_execution_summary.json
CORRECTO: el proceso con PID 13992 (proceso secundario de PID 28596)
ha sido terminado.
CORRECTO: el proceso con PID 28596 (proceso secundario de PID 26560)
ha sido terminado.
