
===== notebook 09 · cell 1 =====

===== notebook 09 · cell 3 =====
{'run_full_analysis': True, 'max_rows_per_file': None, 'reporting_end_exclusive': '2023-07-01', 'output_root': 'C:\\Users\\celti\\OneDrive - Universidade de Santiago de Compostela\\Verano\\ML_flights_project\\reports\\business_eda', 'months': ['202106', '202109', '202112', '202203', '202206', '202209', '202212', '202303', '202306']}
{'reporting_files': ['Flights_20210601_20210630.csv.gz', 'Flights_20210901_20210930.csv.gz', 'Flights_20211201_20211231.csv.gz', 'Flights_20220301_20220331.csv.gz', 'Flights_20220601_20220630.csv.gz', 'Flights_20220901_20220930.csv.gz', 'Flights_20230301_20230331.csv.gz', 'Flights_20230601_20230630.csv.gz', 'Flights_20221201_20221231.csv.gz'], 'excluded_files': []}

===== notebook 09 · cell 5 =====
    month  ... extra_vs_reference
0  202106  ...                   
1  202109  ...                   
2  202112  ...                   
3  202203  ...                   
4  202206  ...                   
5  202209  ...                   
6  202212  ...                   
7  202303  ...                   
8  202306  ...                   

[9 rows x 6 columns]
                        column  ...  material_change
0              AC Registration  ...            False
1                 Requested FL  ...            False
2                  AC Operator  ...            False
3                      AC Type  ...            False
4          ACTUAL ARRIVAL TIME  ...            False
5        ACTUAL OFF BLOCK TIME  ...            False
6                         ADEP  ...            False
7                         ADES  ...            False
8   Actual Distance Flown (nm)  ...            False
9                     ECTRL ID  ...            False
10          FILED ARRIVAL TIME  ...            False
11        FILED OFF BLOCK TIME  ...            False
12            ICAO Flight Type  ...            False
13      STATFOR Market Segment  ...            False
14               ADEP Latitude  ...            False
15              ADEP Longitude  ...            False
16               ADES Latitude  ...            False
17              ADES Longitude  ...            False

[18 rows x 5 columns]

===== notebook 09 · cell 7 =====
    minimum_flights  minimum_periods  ...  covered_flights  flight_coverage_pct
0               100                1  ...          4793099                89.15
1               100                2  ...          4793099                89.15
2               100                3  ...          4790528                89.10
3               250                1  ...          3972562                73.89
4               250                2  ...          3972562                73.89
5               250                3  ...          3972562                73.89
6               500                1  ...          2983248                55.49
7               500                2  ...          2983248                55.49
8               500                3  ...          2983248                55.49
9              1000                1  ...          1732602                32.23
10             1000                2  ...          1732602                32.23
11             1000                3  ...          1732602                32.23

[12 rows x 6 columns]
Route-volume scan: 18.2 seconds

===== notebook 09 · cell 10 =====
{'analysis_rows': 5375605, 'periods': ['2021-06', '2021-09', '2021-12', '2022-03', '2022-06', '2022-09', '2022-12', '2023-03', '2023-06'], 'memory_mb': np.float64(458.2), 'load_seconds': 91.8}

===== notebook 09 · cell 11 =====
{'analysis_seconds': 116.9, 'output_root': 'C:\\Users\\celti\\OneDrive - Universidade de Santiago de Compostela\\Verano\\ML_flights_project\\reports\\business_eda', 'outside_reporting_period_rows': 0}

===== notebook 09 · cell 13 =====
                                value
flights                    5375605.00
routes                       34420.00
operators                      485.00
departure_airports            1252.00
arrival_airports              1270.00
periods                          9.00
arrival_observed           5375605.00
arrival_otp15_pct               82.17
arrival_delay_median             2.22
arrival_delay_p90               22.02
arrival_delay_p95               31.55
departure_delay_median           3.00
scheduled_duration_median      111.92
recovery_median                  0.73
recovered_to_otp15_pct          25.71
arrival_delayed_15_pct          17.83
arrival_delayed_30_pct           5.55
arrival_delayed_60_pct           1.00

===== notebook 09 · cell 15 =====
    ADEP  ADES  ... arrival_otp15_ci_low_pct  arrival_otp15_ci_high_pct
0   ENVA  ENGM  ...                    97.94                      98.60
1   ENGM  ENVA  ...                    95.42                      96.42
2   GCLP  GCXO  ...                    97.37                      98.15
3   GCXO  GCLP  ...                    97.52                      98.28
4   ENBR  ENGM  ...                    98.91                      99.39
5   ENGM  ENBR  ...                    96.62                      97.52
6   LEBL  LEPA  ...                    90.20                      91.74
7   LEPA  LEBL  ...                    91.56                      93.01
8   GCLP  GCRR  ...                    96.38                      97.33
9   GCRR  GCLP  ...                    96.71                      97.61
10  LFPO  LFMN  ...                    82.36                      84.41
11  LFMN  LFPO  ...                    82.07                      84.13
12  LTFJ  LTAI  ...                    77.61                      79.88
13  LTAI  LTFJ  ...                    90.23                      91.82
14  LFPO  LFBO  ...                    91.09                      92.61
15  LFBO  LFPO  ...                    92.99                      94.35
16  ENGM  ENZV  ...                    94.31                      95.57
17  ENZV  ENGM  ...                    98.56                      99.17
18  GCFV  GCLP  ...                    96.43                      97.45
19  GCLP  GCFV  ...                    96.34                      97.38

[20 rows x 29 columns]
     ADEP  ADES  ... popular  reliably_above_network
627  ENBR  ENTO  ...    True                    True
632  ENTO  ENBR  ...    True                    True
638  LGAV  LGNX  ...    True                    True
528  ENBR  ENCN  ...    True                    True
564  LRCL  LROP  ...    True                    True
249  LIEE  LIRF  ...    True                    True
527  ENCN  ENBR  ...    True                    True
297  LGAV  LGPA  ...    True                    True
66   LICJ  LIRF  ...    True                    True
485  ENLK  ENBO  ...    True                    True
43   ENZV  ENBR  ...    True                    True
572  EIDW  EGPF  ...    True                    True
677  ENSH  ENBO  ...    True                    True
429  ESSV  ESSB  ...    True                    True
4    ENBR  ENGM  ...    True                    True

[15 rows x 31 columns]
      ADEP  ADES  ... popular  reliably_above_network
807   CYYZ  EGLL  ...   False                   False
2562  CYVR  EGLL  ...   False                   False
2378  CYYZ  LFPG  ...   False                   False
2680  OMDB  KJFK  ...   False                   False
579   CYUL  LFPG  ...    True                   False
1881  OERK  EGLL  ...   False                   False
1615  MMMX  LFPG  ...   False                   False
2276  CYYZ  EHAM  ...   False                   False
2576  MMMX  EHAM  ...   False                   False
2242  VTBS  EGLL  ...   False                   False
212   OMDB  EGLL  ...    True                   False
2543  KSFO  LFPG  ...   False                   False
885   UUWW  OMDB  ...   False                   False
1770  KIAH  EGLL  ...   False                   False
2345  OMDB  EGCC  ...   False                   False

[15 rows x 31 columns]

===== notebook 09 · cell 16 =====
Figure(1400x800)
Figure(1100x700)

===== notebook 09 · cell 19 =====
   AC Operator  flights  ...  recovered_to_otp15_pct  route_concentration_hhi
0          ZZZ   711171  ...                   29.18                     0.00
1          RYR   634990  ...                   28.80                     0.00
2          THY   331594  ...                   25.06                     0.00
3          DLH   257120  ...                   52.88                     0.00
4          AFR   194290  ...                   19.70                     0.01
5          EZY   154658  ...                   18.77                     0.00
6          WZZ   150009  ...                   24.18                     0.00
7          KLM   146829  ...                   17.35                     0.01
8          VLG   137449  ...                   21.69                     0.01
9          SAS   135624  ...                   38.53                     0.01
10         BAW   120845  ...                   13.19                     0.00
11         PGT   112672  ...                   21.58                     0.01
12         WIF    88523  ...                   66.96                     0.01
13         EWG    84049  ...                   41.90                     0.00
14         SWR    75052  ...                   37.24                     0.01
15         TAP    74574  ...                   17.18                     0.01
16         AUA    68252  ...                   38.42                     0.01
17         LOT    63239  ...                   40.19                     0.01
18         IBE    62234  ...                   29.48                     0.01
19         FIN    60682  ...                   29.66                     0.01
20         EXS    56385  ...                   21.59                     0.00
21         BCS    55783  ...                   32.89                     0.00
22         QTR    52164  ...                   10.37                     0.01
23         AEE    48157  ...                   29.14                     0.01
24         TVF    47526  ...                   15.28                     0.01

[25 rows x 9 columns]

===== notebook 09 · cell 21 =====
      role airport  ...  arrival_otp15_ci_low_pct  arrival_otp15_ci_high_pct
0   origin    LTFM  ...                     82.88                      83.26
1   origin    EHAM  ...                     76.51                      76.95
2   origin    LFPG  ...                     67.47                      67.96
3   origin    EDDF  ...                     78.01                      78.46
4   origin    EGLL  ...                     76.54                      77.00
5   origin    LEMD  ...                     84.74                      85.16
6   origin    LEBL  ...                     83.35                      83.82
7   origin    EDDM  ...                     84.33                      84.81
8   origin    LIRF  ...                     86.96                      87.44
9   origin    LTFJ  ...                     72.93                      73.57
10  origin    LGAV  ...                     92.95                      93.32
11  origin    LPPT  ...                     67.32                      68.02
12  origin    ENGM  ...                     89.21                      89.67
13  origin    EIDW  ...                     89.06                      89.53
14  origin    EGKK  ...                     85.99                      86.51

[15 rows x 28 columns]
           role airport  ...  arrival_otp15_ci_low_pct  arrival_otp15_ci_high_pct
0   destination    LTFM  ...                     80.20                      80.61
1   destination    EHAM  ...                     74.79                      75.24
2   destination    LFPG  ...                     71.95                      72.42
3   destination    EDDF  ...                     87.14                      87.50
4   destination    EGLL  ...                     54.02                      54.56
5   destination    LEMD  ...                     80.78                      81.23
6   destination    LEBL  ...                     83.41                      83.88
7   destination    EDDM  ...                     87.73                      88.16
8   destination    LIRF  ...                     91.81                      92.20
9   destination    LTFJ  ...                     83.60                      84.13
10  destination    LGAV  ...                     84.31                      84.84
11  destination    ENGM  ...                     92.90                      93.28
12  destination    LPPT  ...                     70.51                      71.19
13  destination    EIDW  ...                     83.91                      84.46
14  destination    EGKK  ...                     65.10                      65.82

[15 rows x 28 columns]
Figure(1100x700)
Figure(1400x800)
Figure(1100x700)
Figure(1400x800)

===== notebook 09 · cell 24 =====
Figure(1400x600)

===== notebook 09 · cell 26 =====
Figure(800x700)

===== notebook 09 · cell 28 =====
                    variable_1  ... spearman_p
17         schedule_buffer_min  ...        0.0
8          actual_duration_min  ...        0.0
0       scheduled_duration_min  ...        0.0
2       scheduled_duration_min  ...        0.0
25         Departure_Delay_Min  ...        0.0
27           Arrival_Delay_Min  ...        0.0
16         schedule_buffer_min  ...        0.0
18  Actual Distance Flown (nm)  ...        0.0
9          actual_duration_min  ...        0.0
3       scheduled_duration_min  ...        0.0
11         actual_duration_min  ...        0.0
20  Actual Distance Flown (nm)  ...        0.0
4       scheduled_duration_min  ...        0.0
19  Actual Distance Flown (nm)  ...        0.0
5       scheduled_duration_min  ...        0.0
10         actual_duration_min  ...        0.0
7          actual_duration_min  ...        0.0
12         actual_duration_min  ...        0.0
23                Requested FL  ...        0.0
24                Requested FL  ...        0.0

[20 rows x 7 columns]

===== notebook 09 · cell 30 =====
  test_id  ...                  implementation
0     H01  ...                       Automated
1     H02  ...                       Automated
2     H03  ...                       Automated
3     H04  ...              Awaiting selection
4     H05  ...              Awaiting selection
5     H06  ...              Awaiting selection
6     H07  ...              Awaiting selection
7     H08  ...              Awaiting selection
8     H09  ...  Available in correlation table
9     H10  ...        Future adjusted analysis

[10 rows x 7 columns]
                               test  ... p_value_bh
0           December OTP15 equality  ...        0.0
1                 En-route recovery  ...        0.0
2  Delay equality across haul bands  ...        0.0

[3 rows x 8 columns]
Figure(1500x480)

===== notebook 09 · cell 32 =====
{'output_root': 'C:\\Users\\celti\\OneDrive - Universidade de Santiago de Compostela\\Verano\\ML_flights_project\\reports\\business_eda', 'tables': ['destination_airport_performance.csv', 'least_reliable_routes.csv', 'network_kpis.csv', 'operator_performance.csv', 'origin_airport_performance.csv', 'popular_reliable_routes.csv', 'route_performance.csv', 'route_threshold_sensitivity.csv'], 'figures': ['departure_arrival_recovery.png', 'destination_airport_reliability_rankings.png', 'destination_airport_volume_reliability.png', 'origin_airport_reliability_rankings.png', 'origin_airport_volume_reliability.png', 'route_volume_reliability.png', 'statistical_method_explainer.png', 'time_reliability_heatmap.png', 'top_route_comparison.png'], 'outside_reporting_period_rows': 0}
{'status': 'completed', 'notebook': '09_business_aviation_analysis.ipynb', 'elapsed_seconds': 39684.85, 'output_root': 'C:\\Users\\celti\\OneDrive - Universidade de Santiago de Compostela\\Verano\\ML_flights_project\\reports\\business_eda'}
